1788556958.274260 client started (14519): version 3.7c, socket /tmp/tmux-1000/default, protocol 8
1788556958.274284 on Linux 7.1.13-200.fc44.x86_64 #1 SMP PREEMPT_DYNAMIC Wed Sep  2 13:58:38 UTC 2026
1788556958.274293 using libevent 2.1.12-stable poll
1788556958.274300 using ncurses 6.6 20251230
1788556958.274321 flags are 0x18010000
1788556958.274334 socket is /tmp/tmux-1000/default
1788556958.274353 trying connect
1788556958.274373 connect failed: No such file or directory
1788556958.274383 lock file is /tmp/tmux-1000/default.lock
1788556958.274410 flock succeeded
1788556958.274415 got lock (6)
1788556958.274427 trying connect
1788556958.274439 connect failed: No such file or directory
1788556958.274623 add peer 0x55e89ab014d0: 7 ((nil))
1788556958.275143 sending message 111 to peer 0x55e89ab014d0 (8 bytes)
1788556958.275156 sending message 111 to peer 0x55e89ab014d0 (8 bytes)
1788556958.275165 sending message 101 to peer 0x55e89ab014d0 (15 bytes)
1788556958.275172 sending message 109 to peer 0x55e89ab014d0 (4 bytes)
1788556958.275179 sending message 102 to peer 0x55e89ab014d0 (11 bytes)
1788556958.275185 sending message 108 to peer 0x55e89ab014d0 (37 bytes)
1788556958.275192 sending message 112 to peer 0x55e89ab014d0 (58 bytes)
1788556958.275199 sending message 112 to peer 0x55e89ab014d0 (5 bytes)
1788556958.275205 sending message 112 to peer 0x55e89ab014d0 (5 bytes)
1788556958.275212 sending message 112 to peer 0x55e89ab014d0 (6 bytes)
1788556958.275218 sending message 112 to peer 0x55e89ab014d0 (6 bytes)
1788556958.275224 sending message 112 to peer 0x55e89ab014d0 (11 bytes)
1788556958.275231 sending message 112 to peer 0x55e89ab014d0 (10 bytes)
1788556958.275237 sending message 112 to peer 0x55e89ab014d0 (13 bytes)
1788556958.275243 sending message 112 to peer 0x55e89ab014d0 (14 bytes)
1788556958.275250 sending message 112 to peer 0x55e89ab014d0 (19 bytes)
1788556958.275257 sending message 112 to peer 0x55e89ab014d0 (11 bytes)
1788556958.275264 sending message 112 to peer 0x55e89ab014d0 (10 bytes)
1788556958.275273 sending message 112 to peer 0x55e89ab014d0 (15 bytes)
1788556958.275280 sending message 112 to peer 0x55e89ab014d0 (21 bytes)
1788556958.275287 sending message 112 to peer 0x55e89ab014d0 (13 bytes)
1788556958.275295 sending message 112 to peer 0x55e89ab014d0 (7 bytes)
1788556958.275302 sending message 112 to peer 0x55e89ab014d0 (13 bytes)
1788556958.275311 sending message 112 to peer 0x55e89ab014d0 (7 bytes)
1788556958.275317 sending message 112 to peer 0x55e89ab014d0 (13 bytes)
1788556958.275325 sending message 112 to peer 0x55e89ab014d0 (9 bytes)
1788556958.275332 sending message 112 to peer 0x55e89ab014d0 (21 bytes)
1788556958.275340 sending message 112 to peer 0x55e89ab014d0 (13 bytes)
1788556958.275349 sending message 112 to peer 0x55e89ab014d0 (9 bytes)
1788556958.275356 sending message 112 to peer 0x55e89ab014d0 (16 bytes)
1788556958.275363 sending message 112 to peer 0x55e89ab014d0 (13 bytes)
1788556958.275370 sending message 112 to peer 0x55e89ab014d0 (9 bytes)
1788556958.275377 sending message 112 to peer 0x55e89ab014d0 (9 bytes)
1788556958.275384 sending message 112 to peer 0x55e89ab014d0 (12 bytes)
1788556958.275391 sending message 112 to peer 0x55e89ab014d0 (8 bytes)
1788556958.275399 sending message 112 to peer 0x55e89ab014d0 (8 bytes)
1788556958.275407 sending message 112 to peer 0x55e89ab014d0 (13 bytes)
1788556958.275415 sending message 112 to peer 0x55e89ab014d0 (7 bytes)
1788556958.275422 sending message 112 to peer 0x55e89ab014d0 (7 bytes)
1788556958.275431 sending message 112 to peer 0x55e89ab014d0 (9 bytes)
1788556958.275438 sending message 112 to peer 0x55e89ab014d0 (9 bytes)
1788556958.275446 sending message 112 to peer 0x55e89ab014d0 (15 bytes)
1788556958.275454 sending message 112 to peer 0x55e89ab014d0 (13 bytes)
1788556958.275462 sending message 112 to peer 0x55e89ab014d0 (12 bytes)
1788556958.275470 sending message 112 to peer 0x55e89ab014d0 (8 bytes)
1788556958.275477 sending message 112 to peer 0x55e89ab014d0 (14 bytes)
1788556958.275484 sending message 112 to peer 0x55e89ab014d0 (11 bytes)
1788556958.275498 sending message 112 to peer 0x55e89ab014d0 (9 bytes)
1788556958.275510 sending message 112 to peer 0x55e89ab014d0 (10 bytes)
1788556958.275517 sending message 112 to peer 0x55e89ab014d0 (10 bytes)
1788556958.275524 sending message 112 to peer 0x55e89ab014d0 (10 bytes)
1788556958.275532 sending message 112 to peer 0x55e89ab014d0 (10 bytes)
1788556958.275539 sending message 112 to peer 0x55e89ab014d0 (11 bytes)
1788556958.275546 sending message 112 to peer 0x55e89ab014d0 (12 bytes)
1788556958.275553 sending message 112 to peer 0x55e89ab014d0 (12 bytes)
1788556958.275560 sending message 112 to peer 0x55e89ab014d0 (12 bytes)
1788556958.275567 sending message 112 to peer 0x55e89ab014d0 (12 bytes)
1788556958.275574 sending message 112 to peer 0x55e89ab014d0 (12 bytes)
1788556958.275581 sending message 112 to peer 0x55e89ab014d0 (11 bytes)
1788556958.275589 sending message 112 to peer 0x55e89ab014d0 (11 bytes)
1788556958.275594 sending message 112 to peer 0x55e89ab014d0 (12 bytes)
1788556958.275603 sending message 112 to peer 0x55e89ab014d0 (12 bytes)
1788556958.275609 sending message 112 to peer 0x55e89ab014d0 (12 bytes)
1788556958.275616 sending message 112 to peer 0x55e89ab014d0 (12 bytes)
1788556958.275623 sending message 112 to peer 0x55e89ab014d0 (12 bytes)
1788556958.275630 sending message 112 to peer 0x55e89ab014d0 (9 bytes)
1788556958.275637 sending message 112 to peer 0x55e89ab014d0 (12 bytes)
1788556958.275644 sending message 112 to peer 0x55e89ab014d0 (13 bytes)
1788556958.275651 sending message 112 to peer 0x55e89ab014d0 (13 bytes)
1788556958.275657 sending message 112 to peer 0x55e89ab014d0 (13 bytes)
1788556958.275665 sending message 112 to peer 0x55e89ab014d0 (13 bytes)
1788556958.275672 sending message 112 to peer 0x55e89ab014d0 (13 bytes)
1788556958.275679 sending message 112 to peer 0x55e89ab014d0 (8 bytes)
1788556958.275686 sending message 112 to peer 0x55e89ab014d0 (11 bytes)
1788556958.275694 sending message 112 to peer 0x55e89ab014d0 (11 bytes)
1788556958.275701 sending message 112 to peer 0x55e89ab014d0 (11 bytes)
1788556958.275708 sending message 112 to peer 0x55e89ab014d0 (12 bytes)
1788556958.275717 sending message 112 to peer 0x55e89ab014d0 (12 bytes)
1788556958.275723 sending message 112 to peer 0x55e89ab014d0 (12 bytes)
1788556958.275730 sending message 112 to peer 0x55e89ab014d0 (12 bytes)
1788556958.275737 sending message 112 to peer 0x55e89ab014d0 (13 bytes)
1788556958.275744 sending message 112 to peer 0x55e89ab014d0 (13 bytes)
1788556958.275751 sending message 112 to peer 0x55e89ab014d0 (13 bytes)
1788556958.275758 sending message 112 to peer 0x55e89ab014d0 (8 bytes)
1788556958.275764 sending message 112 to peer 0x55e89ab014d0 (13 bytes)
1788556958.275771 sending message 112 to peer 0x55e89ab014d0 (13 bytes)
1788556958.275777 sending message 112 to peer 0x55e89ab014d0 (13 bytes)
1788556958.275784 sending message 112 to peer 0x55e89ab014d0 (13 bytes)
1788556958.275792 sending message 112 to peer 0x55e89ab014d0 (13 bytes)
1788556958.275812 sending message 112 to peer 0x55e89ab014d0 (12 bytes)
1788556958.275819 sending message 112 to peer 0x55e89ab014d0 (12 bytes)
1788556958.275826 sending message 112 to peer 0x55e89ab014d0 (12 bytes)
1788556958.275833 sending message 112 to peer 0x55e89ab014d0 (12 bytes)
1788556958.275840 sending message 112 to peer 0x55e89ab014d0 (13 bytes)
1788556958.275849 sending message 112 to peer 0x55e89ab014d0 (8 bytes)
1788556958.275855 sending message 112 to peer 0x55e89ab014d0 (13 bytes)
1788556958.275862 sending message 112 to peer 0x55e89ab014d0 (13 bytes)
1788556958.275868 sending message 112 to peer 0x55e89ab014d0 (13 bytes)
1788556958.275875 sending message 112 to peer 0x55e89ab014d0 (13 bytes)
1788556958.275882 sending message 112 to peer 0x55e89ab014d0 (13 bytes)
1788556958.275889 sending message 112 to peer 0x55e89ab014d0 (13 bytes)
1788556958.275895 sending message 112 to peer 0x55e89ab014d0 (13 bytes)
1788556958.275902 sending message 112 to peer 0x55e89ab014d0 (12 bytes)
1788556958.275909 sending message 112 to peer 0x55e89ab014d0 (12 bytes)
1788556958.275923 sending message 112 to peer 0x55e89ab014d0 (12 bytes)
1788556958.275933 sending message 112 to peer 0x55e89ab014d0 (8 bytes)
1788556958.275939 sending message 112 to peer 0x55e89ab014d0 (12 bytes)
1788556958.275946 sending message 112 to peer 0x55e89ab014d0 (13 bytes)
1788556958.275953 sending message 112 to peer 0x55e89ab014d0 (13 bytes)
1788556958.275960 sending message 112 to peer 0x55e89ab014d0 (13 bytes)
1788556958.275966 sending message 112 to peer 0x55e89ab014d0 (13 bytes)
1788556958.275973 sending message 112 to peer 0x55e89ab014d0 (13 bytes)
1788556958.275980 sending message 112 to peer 0x55e89ab014d0 (13 bytes)
1788556958.275986 sending message 112 to peer 0x55e89ab014d0 (13 bytes)
1788556958.275993 sending message 112 to peer 0x55e89ab014d0 (13 bytes)
1788556958.276001 sending message 112 to peer 0x55e89ab014d0 (12 bytes)
1788556958.276006 sending message 112 to peer 0x55e89ab014d0 (10 bytes)
1788556958.276014 sending message 112 to peer 0x55e89ab014d0 (12 bytes)
1788556958.276021 sending message 112 to peer 0x55e89ab014d0 (12 bytes)
1788556958.276028 sending message 112 to peer 0x55e89ab014d0 (12 bytes)
1788556958.276035 sending message 112 to peer 0x55e89ab014d0 (13 bytes)
1788556958.276042 sending message 112 to peer 0x55e89ab014d0 (13 bytes)
1788556958.276049 sending message 112 to peer 0x55e89ab014d0 (13 bytes)
1788556958.276056 sending message 112 to peer 0x55e89ab014d0 (13 bytes)
1788556958.276063 sending message 112 to peer 0x55e89ab014d0 (13 bytes)
1788556958.276071 sending message 112 to peer 0x55e89ab014d0 (13 bytes)
1788556958.276079 sending message 112 to peer 0x55e89ab014d0 (13 bytes)
1788556958.276086 sending message 112 to peer 0x55e89ab014d0 (10 bytes)
1788556958.276093 sending message 112 to peer 0x55e89ab014d0 (13 bytes)
1788556958.276100 sending message 112 to peer 0x55e89ab014d0 (12 bytes)
1788556958.276106 sending message 112 to peer 0x55e89ab014d0 (12 bytes)
1788556958.276113 sending message 112 to peer 0x55e89ab014d0 (12 bytes)
1788556958.276120 sending message 112 to peer 0x55e89ab014d0 (10 bytes)
1788556958.276128 sending message 112 to peer 0x55e89ab014d0 (10 bytes)
1788556958.276134 sending message 112 to peer 0x55e89ab014d0 (10 bytes)
1788556958.276139 sending message 112 to peer 0x55e89ab014d0 (12 bytes)
1788556958.276147 sending message 112 to peer 0x55e89ab014d0 (13 bytes)
1788556958.276154 sending message 112 to peer 0x55e89ab014d0 (13 bytes)
1788556958.276161 sending message 112 to peer 0x55e89ab014d0 (13 bytes)
1788556958.276168 sending message 112 to peer 0x55e89ab014d0 (13 bytes)
1788556958.276175 sending message 112 to peer 0x55e89ab014d0 (13 bytes)
1788556958.276182 sending message 112 to peer 0x55e89ab014d0 (10 bytes)
1788556958.276189 sending message 112 to peer 0x55e89ab014d0 (11 bytes)
1788556958.276196 sending message 112 to peer 0x55e89ab014d0 (12 bytes)
1788556958.276204 sending message 112 to peer 0x55e89ab014d0 (12 bytes)
1788556958.276210 sending message 112 to peer 0x55e89ab014d0 (12 bytes)
1788556958.276217 sending message 112 to peer 0x55e89ab014d0 (12 bytes)
1788556958.276224 sending message 112 to peer 0x55e89ab014d0 (12 bytes)
1788556958.276231 sending message 112 to peer 0x55e89ab014d0 (11 bytes)
1788556958.276238 sending message 112 to peer 0x55e89ab014d0 (12 bytes)
1788556958.276245 sending message 112 to peer 0x55e89ab014d0 (12 bytes)
1788556958.276252 sending message 112 to peer 0x55e89ab014d0 (13 bytes)
1788556958.276259 sending message 112 to peer 0x55e89ab014d0 (13 bytes)
1788556958.276267 sending message 112 to peer 0x55e89ab014d0 (13 bytes)
1788556958.276274 sending message 112 to peer 0x55e89ab014d0 (13 bytes)
1788556958.276280 sending message 112 to peer 0x55e89ab014d0 (13 bytes)
1788556958.276287 sending message 112 to peer 0x55e89ab014d0 (10 bytes)
1788556958.276295 sending message 112 to peer 0x55e89ab014d0 (9 bytes)
1788556958.276302 sending message 112 to peer 0x55e89ab014d0 (12 bytes)
1788556958.276309 sending message 112 to peer 0x55e89ab014d0 (13 bytes)
1788556958.276315 sending message 112 to peer 0x55e89ab014d0 (13 bytes)
1788556958.276327 sending message 112 to peer 0x55e89ab014d0 (13 bytes)
1788556958.276335 sending message 112 to peer 0x55e89ab014d0 (13 bytes)
1788556958.276343 sending message 112 to peer 0x55e89ab014d0 (13 bytes)
1788556958.276350 sending message 112 to peer 0x55e89ab014d0 (9 bytes)
1788556958.276356 sending message 112 to peer 0x55e89ab014d0 (12 bytes)
1788556958.276363 sending message 112 to peer 0x55e89ab014d0 (13 bytes)
1788556958.276370 sending message 112 to peer 0x55e89ab014d0 (13 bytes)
1788556958.276376 sending message 112 to peer 0x55e89ab014d0 (13 bytes)
1788556958.276384 sending message 112 to peer 0x55e89ab014d0 (13 bytes)
1788556958.276391 sending message 112 to peer 0x55e89ab014d0 (13 bytes)
1788556958.276398 sending message 112 to peer 0x55e89ab014d0 (11 bytes)
1788556958.276405 sending message 112 to peer 0x55e89ab014d0 (12 bytes)
1788556958.276413 sending message 112 to peer 0x55e89ab014d0 (13 bytes)
1788556958.276418 sending message 112 to peer 0x55e89ab014d0 (13 bytes)
1788556958.276426 sending message 112 to peer 0x55e89ab014d0 (13 bytes)
1788556958.276433 sending message 112 to peer 0x55e89ab014d0 (13 bytes)
1788556958.276440 sending message 112 to peer 0x55e89ab014d0 (13 bytes)
1788556958.276447 sending message 112 to peer 0x55e89ab014d0 (11 bytes)
1788556958.276454 sending message 112 to peer 0x55e89ab014d0 (12 bytes)
1788556958.276460 sending message 112 to peer 0x55e89ab014d0 (12 bytes)
1788556958.276467 sending message 112 to peer 0x55e89ab014d0 (12 bytes)
1788556958.276474 sending message 112 to peer 0x55e89ab014d0 (12 bytes)
1788556958.276481 sending message 112 to peer 0x55e89ab014d0 (12 bytes)
1788556958.276487 sending message 112 to peer 0x55e89ab014d0 (21 bytes)
1788556958.276494 sending message 112 to peer 0x55e89ab014d0 (12 bytes)
1788556958.276502 sending message 112 to peer 0x55e89ab014d0 (9 bytes)
1788556958.276509 sending message 112 to peer 0x55e89ab014d0 (6 bytes)
1788556958.276515 sending message 112 to peer 0x55e89ab014d0 (13 bytes)
1788556958.276522 sending message 112 to peer 0x55e89ab014d0 (10 bytes)
1788556958.276529 sending message 112 to peer 0x55e89ab014d0 (24 bytes)
1788556958.276536 sending message 112 to peer 0x55e89ab014d0 (13 bytes)
1788556958.276543 sending message 112 to peer 0x55e89ab014d0 (9 bytes)
1788556958.276550 sending message 112 to peer 0x55e89ab014d0 (70 bytes)
1788556958.276557 sending message 112 to peer 0x55e89ab014d0 (69 bytes)
1788556958.276565 sending message 112 to peer 0x55e89ab014d0 (12 bytes)
1788556958.276572 sending message 112 to peer 0x55e89ab014d0 (10 bytes)
1788556958.276578 sending message 112 to peer 0x55e89ab014d0 (10 bytes)
1788556958.276585 sending message 112 to peer 0x55e89ab014d0 (24 bytes)
1788556958.276591 sending message 112 to peer 0x55e89ab014d0 (13 bytes)
1788556958.276599 sending message 112 to peer 0x55e89ab014d0 (10 bytes)
1788556958.276606 sending message 112 to peer 0x55e89ab014d0 (10 bytes)
1788556958.276613 sending message 112 to peer 0x55e89ab014d0 (10 bytes)
1788556958.276619 sending message 112 to peer 0x55e89ab014d0 (13 bytes)
1788556958.276626 sending message 112 to peer 0x55e89ab014d0 (15 bytes)
1788556958.276633 sending message 112 to peer 0x55e89ab014d0 (5 bytes)
1788556958.276642 sending message 104 to peer 0x55e89ab014d0 (0 bytes)
1788556958.276650 sending message 110 to peer 0x55e89ab014d0 (0 bytes)
1788556958.276657 sending message 107 to peer 0x55e89ab014d0 (4 bytes)
1788556958.276664 sending message 105 to peer 0x55e89ab014d0 (16 bytes)
1788556958.276670 sending message 105 to peer 0x55e89ab014d0 (20 bytes)
1788556958.276677 sending message 105 to peer 0x55e89ab014d0 (36 bytes)
1788556958.276684 sending message 105 to peer 0x55e89ab014d0 (43 bytes)
1788556958.276692 sending message 105 to peer 0x55e89ab014d0 (59 bytes)
1788556958.276698 sending message 105 to peer 0x55e89ab014d0 (33 bytes)
1788556958.276706 sending message 105 to peer 0x55e89ab014d0 (23 bytes)
1788556958.276712 sending message 105 to peer 0x55e89ab014d0 (27 bytes)
1788556958.276719 sending message 105 to peer 0x55e89ab014d0 (48 bytes)
1788556958.276731 sending message 105 to peer 0x55e89ab014d0 (39 bytes)
1788556958.276740 sending message 105 to peer 0x55e89ab014d0 (15 bytes)
1788556958.276749 sending message 105 to peer 0x55e89ab014d0 (16 bytes)
1788556958.276755 sending message 105 to peer 0x55e89ab014d0 (19 bytes)
1788556958.276762 sending message 105 to peer 0x55e89ab014d0 (48 bytes)
1788556958.276769 sending message 105 to peer 0x55e89ab014d0 (54 bytes)
1788556958.276776 sending message 105 to peer 0x55e89ab014d0 (37 bytes)
1788556958.276783 sending message 105 to peer 0x55e89ab014d0 (10 bytes)
1788556958.276790 sending message 105 to peer 0x55e89ab014d0 (53 bytes)
1788556958.276808 sending message 105 to peer 0x55e89ab014d0 (51 bytes)
1788556958.276815 sending message 105 to peer 0x55e89ab014d0 (49 bytes)
1788556958.276820 sending message 105 to peer 0x55e89ab014d0 (58 bytes)
1788556958.276827 sending message 105 to peer 0x55e89ab014d0 (31 bytes)
1788556958.276834 sending message 105 to peer 0x55e89ab014d0 (20 bytes)
1788556958.276840 sending message 105 to peer 0x55e89ab014d0 (22 bytes)
1788556958.276848 sending message 105 to peer 0x55e89ab014d0 (28 bytes)
1788556958.276854 sending message 105 to peer 0x55e89ab014d0 (29 bytes)
1788556958.276861 sending message 105 to peer 0x55e89ab014d0 (19 bytes)
1788556958.276868 sending message 105 to peer 0x55e89ab014d0 (21 bytes)
1788556958.276876 sending message 105 to peer 0x55e89ab014d0 (63 bytes)
1788556958.276883 sending message 105 to peer 0x55e89ab014d0 (17 bytes)
1788556958.276889 sending message 105 to peer 0x55e89ab014d0 (41 bytes)
1788556958.276896 sending message 105 to peer 0x55e89ab014d0 (14 bytes)
1788556958.276903 sending message 105 to peer 0x55e89ab014d0 (26 bytes)
1788556958.276910 sending message 105 to peer 0x55e89ab014d0 (25 bytes)
1788556958.276916 sending message 105 to peer 0x55e89ab014d0 (64 bytes)
1788556958.276923 sending message 105 to peer 0x55e89ab014d0 (38 bytes)
1788556958.276930 sending message 105 to peer 0x55e89ab014d0 (24 bytes)
1788556958.276936 sending message 105 to peer 0x55e89ab014d0 (54 bytes)
1788556958.276943 sending message 105 to peer 0x55e89ab014d0 (23 bytes)
1788556958.276950 sending message 105 to peer 0x55e89ab014d0 (54 bytes)
1788556958.276956 sending message 105 to peer 0x55e89ab014d0 (42 bytes)
1788556958.276963 sending message 105 to peer 0x55e89ab014d0 (21 bytes)
1788556958.276971 sending message 105 to peer 0x55e89ab014d0 (21 bytes)
1788556958.276977 sending message 105 to peer 0x55e89ab014d0 (15 bytes)
1788556958.276985 sending message 105 to peer 0x55e89ab014d0 (92 bytes)
1788556958.276992 sending message 105 to peer 0x55e89ab014d0 (17 bytes)
1788556958.276999 sending message 105 to peer 0x55e89ab014d0 (1923 bytes)
1788556958.277007 sending message 105 to peer 0x55e89ab014d0 (26 bytes)
1788556958.277013 sending message 105 to peer 0x55e89ab014d0 (23 bytes)
1788556958.277022 sending message 105 to peer 0x55e89ab014d0 (37 bytes)
1788556958.277030 sending message 105 to peer 0x55e89ab014d0 (145 bytes)
1788556958.277036 sending message 105 to peer 0x55e89ab014d0 (48 bytes)
1788556958.277043 sending message 105 to peer 0x55e89ab014d0 (17 bytes)
1788556958.277049 sending message 105 to peer 0x55e89ab014d0 (26 bytes)
1788556958.277056 sending message 105 to peer 0x55e89ab014d0 (565 bytes)
1788556958.277063 sending message 105 to peer 0x55e89ab014d0 (41 bytes)
1788556958.277070 sending message 105 to peer 0x55e89ab014d0 (37 bytes)
1788556958.277077 sending message 105 to peer 0x55e89ab014d0 (47 bytes)
1788556958.277085 sending message 105 to peer 0x55e89ab014d0 (19 bytes)
1788556958.277091 sending message 105 to peer 0x55e89ab014d0 (16 bytes)
1788556958.277098 sending message 105 to peer 0x55e89ab014d0 (60 bytes)
1788556958.277105 sending message 105 to peer 0x55e89ab014d0 (33 bytes)
1788556958.277112 sending message 105 to peer 0x55e89ab014d0 (104 bytes)
1788556958.277118 sending message 105 to peer 0x55e89ab014d0 (43 bytes)
1788556958.277126 sending message 105 to peer 0x55e89ab014d0 (23 bytes)
1788556958.277133 sending message 105 to peer 0x55e89ab014d0 (20 bytes)
1788556958.277144 sending message 105 to peer 0x55e89ab014d0 (93 bytes)
1788556958.277153 sending message 105 to peer 0x55e89ab014d0 (35 bytes)
1788556958.277161 sending message 105 to peer 0x55e89ab014d0 (11 bytes)
1788556958.277169 sending message 105 to peer 0x55e89ab014d0 (383 bytes)
1788556958.277176 sending message 105 to peer 0x55e89ab014d0 (17 bytes)
1788556958.277183 sending message 105 to peer 0x55e89ab014d0 (11 bytes)
1788556958.277190 sending message 105 to peer 0x55e89ab014d0 (8 bytes)
1788556958.277199 sending message 105 to peer 0x55e89ab014d0 (18 bytes)
1788556958.277206 sending message 105 to peer 0x55e89ab014d0 (49 bytes)
1788556958.277212 sending message 105 to peer 0x55e89ab014d0 (41 bytes)
1788556958.277220 sending message 105 to peer 0x55e89ab014d0 (29 bytes)
1788556958.277227 sending message 105 to peer 0x55e89ab014d0 (75 bytes)
1788556958.277234 sending message 105 to peer 0x55e89ab014d0 (71 bytes)
1788556958.277240 sending message 105 to peer 0x55e89ab014d0 (22 bytes)
1788556958.277247 sending message 105 to peer 0x55e89ab014d0 (36 bytes)
1788556958.277254 sending message 105 to peer 0x55e89ab014d0 (33 bytes)
1788556958.277261 sending message 105 to peer 0x55e89ab014d0 (20 bytes)
1788556958.277267 sending message 105 to peer 0x55e89ab014d0 (31 bytes)
1788556958.277276 sending message 105 to peer 0x55e89ab014d0 (54 bytes)
1788556958.277283 sending message 105 to peer 0x55e89ab014d0 (65 bytes)
1788556958.277290 sending message 105 to peer 0x55e89ab014d0 (48 bytes)
1788556958.277296 sending message 105 to peer 0x55e89ab014d0 (80 bytes)
1788556958.277303 sending message 105 to peer 0x55e89ab014d0 (19 bytes)
1788556958.277310 sending message 105 to peer 0x55e89ab014d0 (40 bytes)
1788556958.277317 sending message 105 to peer 0x55e89ab014d0 (43 bytes)
1788556958.277324 sending message 105 to peer 0x55e89ab014d0 (24 bytes)
1788556958.277332 sending message 105 to peer 0x55e89ab014d0 (24 bytes)
1788556958.277339 sending message 105 to peer 0x55e89ab014d0 (62 bytes)
1788556958.277346 sending message 105 to peer 0x55e89ab014d0 (16 bytes)
1788556958.277353 sending message 105 to peer 0x55e89ab014d0 (126 bytes)
1788556958.277361 sending message 105 to peer 0x55e89ab014d0 (65 bytes)
1788556958.277367 sending message 105 to peer 0x55e89ab014d0 (1295 bytes)
1788556958.277374 sending message 105 to peer 0x55e89ab014d0 (42 bytes)
1788556958.277381 sending message 105 to peer 0x55e89ab014d0 (17 bytes)
1788556958.277389 sending message 105 to peer 0x55e89ab014d0 (45 bytes)
1788556958.277394 sending message 105 to peer 0x55e89ab014d0 (54 bytes)
1788556958.277402 sending message 105 to peer 0x55e89ab014d0 (37 bytes)
1788556958.277409 sending message 105 to peer 0x55e89ab014d0 (27 bytes)
1788556958.277416 sending message 105 to peer 0x55e89ab014d0 (20 bytes)
1788556958.277423 sending message 105 to peer 0x55e89ab014d0 (17 bytes)
1788556958.277430 sending message 105 to peer 0x55e89ab014d0 (56 bytes)
1788556958.277437 sending message 105 to peer 0x55e89ab014d0 (23 bytes)
1788556958.277443 sending message 105 to peer 0x55e89ab014d0 (50 bytes)
1788556958.277451 sending message 105 to peer 0x55e89ab014d0 (33 bytes)
1788556958.277459 sending message 105 to peer 0x55e89ab014d0 (16 bytes)
1788556958.277465 sending message 106 to peer 0x55e89ab014d0 (0 bytes)
1788556958.277522 sending message 200 to peer 0x55e89ab014d0 (4 bytes)
1788556958.277527 client loop enter
1788556958.277544 client_signal: Child exited
1788556958.408911 peer 0x55e89ab014d0 message 207
1788556958.408927 sending message 208 to peer 0x55e89ab014d0 (0 bytes)
1788556960.854978 peer 0x55e89ab014d0 message 203
1788556960.854994 sending message 205 to peer 0x55e89ab014d0 (0 bytes)
1788556960.855192 peer 0x55e89ab014d0 message 204
1788556960.855199 client loop exit
